# optimizer-golden: predicate_pushdown_negative_over_aggregate_output

## before
Filter (sum_v) Gt (Int64(10))
  Aggregate
    group_by=1
      g
    aggs=1
      sum_v := Sum(Column("v"))
    TableScan table=agg_src
      projection=None
      pushed_filters=0

## after
Filter (sum_v) Gt (Int64(10))
  Aggregate
    group_by=1
      g
    aggs=1
      sum_v := Sum(Column("v"))
    TableScan table=agg_src
      projection=Some(["g", "v"])
      pushed_filters=0
