# optimizer-golden: vector_rewrite_positive

## before
Projection
  id := id
  score := score
  payload := payload
  TopKByScore k=5 score=cosine_similarity(emb, VectorF32([1.0, 0.0, 0.0])) rewrite=index_fallback
    TableScan table=docs_idx
      projection=None
      pushed_filters=0

## after
Projection
  id := id
  score := score
  payload := payload
  HybridVectorScan source=docs_idx k=5 ef_search=None query_dim=3 metric=cosine provider=qdrant prefilter=None columns=[id,_score,payload] rewrite=index_applied
