# optimizer-golden: vector_rewrite_positive

## before
Projection
  id := id
  score := score
  payload := payload
  TopKByScore k=5 score=cosine_similarity(emb, VectorF32([1.0, 0.0, 0.0])) rewrite=index_fallback
    TableScan table=docs_idx
      projection=None
      pushed_filters=0

## after
Projection
  id := id
  score := score
  payload := payload
  VectorTopK table=docs_idx k=5 query_dim=3 filter=None rewrite=index_applied
